2024-04-24T06:55:27.963+05:00  INFO 14408 --- [restartedMain] com.example.demo.StartupApplication      : Starting StartupApplication using Java 17.0.7 with PID 14408 (C:\Program Files\learn-spring-framework\startUp\demo\build\classes\java\main started by Asus in C:\Program Files\learn-spring-framework\startUp)
2024-04-24T06:55:28.058+05:00  INFO 14408 --- [restartedMain] com.example.demo.StartupApplication      : No active profile set, falling back to 1 default profile: "default"
2024-04-24T06:55:30.004+05:00  INFO 14408 --- [restartedMain] o.apache.catalina.core.StandardService   : Starting service [Tomcat]
2024-04-24T06:55:30.004+05:00  INFO 14408 --- [restartedMain] o.apache.catalina.core.StandardEngine    : Starting Servlet engine: [Apache Tomcat/10.1.10]
2024-04-24T06:55:30.070+05:00  INFO 14408 --- [restartedMain] o.a.c.c.C.[Tomcat].[localhost].[/]       : Initializing Spring embedded WebApplicationContext
2024-04-24T06:55:30.173+05:00  INFO 14408 --- [restartedMain] o.hibernate.jpa.internal.util.LogHelper  : HHH000204: Processing PersistenceUnitInfo [name: default]
2024-04-24T06:55:30.243+05:00  INFO 14408 --- [restartedMain] org.hibernate.Version                    : HHH000412: Hibernate ORM core version 6.2.5.Final
2024-04-24T06:55:30.246+05:00  INFO 14408 --- [restartedMain] org.hibernate.cfg.Environment            : HHH000406: Using bytecode reflection optimizer
2024-04-24T06:55:30.405+05:00  INFO 14408 --- [restartedMain] o.h.b.i.BytecodeProviderInitiator        : HHH000021: Bytecode provider name : bytebuddy
2024-04-24T06:55:30.582+05:00  INFO 14408 --- [restartedMain] com.zaxxer.hikari.HikariDataSource       : HikariPool-1 - Starting...
2024-04-24T06:55:30.757+05:00  INFO 14408 --- [restartedMain] com.zaxxer.hikari.pool.HikariPool        : HikariPool-1 - Added connection org.postgresql.jdbc.PgConnection@7de8c25d
2024-04-24T06:55:30.758+05:00  INFO 14408 --- [restartedMain] com.zaxxer.hikari.HikariDataSource       : HikariPool-1 - Start completed.
2024-04-24T06:55:31.095+05:00  INFO 14408 --- [restartedMain] o.h.b.i.BytecodeProviderInitiator        : HHH000021: Bytecode provider name : bytebuddy
2024-04-24T06:55:31.801+05:00  INFO 14408 --- [restartedMain] o.h.e.t.j.p.i.JtaPlatformInitiator       : HHH000490: Using JtaPlatform implementation: [org.hibernate.engine.transaction.jta.platform.internal.NoJtaPlatform]
2024-04-24T06:55:33.581+05:00  INFO 14408 --- [restartedMain] com.example.demo.StartupApplication      : Started StartupApplication in 6.049 seconds (process running for 6.857)
2024-04-24T06:56:40.499+05:00  INFO 14408 --- [http-nio-8080-exec-6] o.a.c.c.C.[Tomcat].[localhost].[/]       : Initializing Spring DispatcherServlet 'dispatcherServlet'
2024-04-24T07:10:15.877+05:00  INFO 14408 --- [SpringApplicationShutdownHook] com.zaxxer.hikari.HikariDataSource       : HikariPool-1 - Shutdown initiated...
2024-04-24T07:10:15.970+05:00  INFO 14408 --- [SpringApplicationShutdownHook] com.zaxxer.hikari.HikariDataSource       : HikariPool-1 - Shutdown completed.
2024-04-24T07:10:23.465+05:00  INFO 21036 --- [restartedMain] com.example.demo.StartupApplication      : Starting StartupApplication using Java 17.0.7 with PID 21036 (C:\Program Files\learn-spring-framework\startUp\demo\build\classes\java\main started by Asus in C:\Program Files\learn-spring-framework\startUp)
2024-04-24T07:10:23.468+05:00  INFO 21036 --- [restartedMain] com.example.demo.StartupApplication      : No active profile set, falling back to 1 default profile: "default"
2024-04-24T07:10:25.099+05:00  INFO 21036 --- [restartedMain] o.apache.catalina.core.StandardService   : Starting service [Tomcat]
2024-04-24T07:10:25.100+05:00  INFO 21036 --- [restartedMain] o.apache.catalina.core.StandardEngine    : Starting Servlet engine: [Apache Tomcat/10.1.10]
2024-04-24T07:10:25.161+05:00  INFO 21036 --- [restartedMain] o.a.c.c.C.[Tomcat].[localhost].[/]       : Initializing Spring embedded WebApplicationContext
2024-04-24T07:10:25.262+05:00  INFO 21036 --- [restartedMain] o.hibernate.jpa.internal.util.LogHelper  : HHH000204: Processing PersistenceUnitInfo [name: default]
2024-04-24T07:10:25.322+05:00  INFO 21036 --- [restartedMain] org.hibernate.Version                    : HHH000412: Hibernate ORM core version 6.2.5.Final
2024-04-24T07:10:25.325+05:00  INFO 21036 --- [restartedMain] org.hibernate.cfg.Environment            : HHH000406: Using bytecode reflection optimizer
2024-04-24T07:10:25.458+05:00  INFO 21036 --- [restartedMain] o.h.b.i.BytecodeProviderInitiator        : HHH000021: Bytecode provider name : bytebuddy
2024-04-24T07:10:25.619+05:00  INFO 21036 --- [restartedMain] com.zaxxer.hikari.HikariDataSource       : HikariPool-1 - Starting...
2024-04-24T07:10:25.742+05:00  INFO 21036 --- [restartedMain] com.zaxxer.hikari.pool.HikariPool        : HikariPool-1 - Added connection org.postgresql.jdbc.PgConnection@18c6a05c
2024-04-24T07:10:25.743+05:00  INFO 21036 --- [restartedMain] com.zaxxer.hikari.HikariDataSource       : HikariPool-1 - Start completed.
2024-04-24T07:10:26.054+05:00  INFO 21036 --- [restartedMain] o.h.b.i.BytecodeProviderInitiator        : HHH000021: Bytecode provider name : bytebuddy
2024-04-24T07:10:27.105+05:00  INFO 21036 --- [restartedMain] o.h.e.t.j.p.i.JtaPlatformInitiator       : HHH000490: Using JtaPlatform implementation: [org.hibernate.engine.transaction.jta.platform.internal.NoJtaPlatform]
2024-04-24T07:10:28.839+05:00  INFO 21036 --- [restartedMain] com.example.demo.StartupApplication      : Started StartupApplication in 5.806 seconds (process running for 6.686)
2024-04-24T07:10:34.986+05:00  INFO 21036 --- [http-nio-8080-exec-1] o.a.c.c.C.[Tomcat].[localhost].[/]       : Initializing Spring DispatcherServlet 'dispatcherServlet'
2024-04-24T07:11:32.835+05:00  INFO 21036 --- [SpringApplicationShutdownHook] com.zaxxer.hikari.HikariDataSource       : HikariPool-1 - Shutdown initiated...
2024-04-24T07:11:32.843+05:00  INFO 21036 --- [SpringApplicationShutdownHook] com.zaxxer.hikari.HikariDataSource       : HikariPool-1 - Shutdown completed.
2024-04-24T07:11:37.467+05:00  INFO 8480 --- [restartedMain] com.example.demo.StartupApplication      : Starting StartupApplication using Java 17.0.7 with PID 8480 (C:\Program Files\learn-spring-framework\startUp\demo\build\classes\java\main started by Asus in C:\Program Files\learn-spring-framework\startUp)
2024-04-24T07:11:37.469+05:00  INFO 8480 --- [restartedMain] com.example.demo.StartupApplication      : No active profile set, falling back to 1 default profile: "default"
2024-04-24T07:11:38.891+05:00  INFO 8480 --- [restartedMain] o.apache.catalina.core.StandardService   : Starting service [Tomcat]
2024-04-24T07:11:38.892+05:00  INFO 8480 --- [restartedMain] o.apache.catalina.core.StandardEngine    : Starting Servlet engine: [Apache Tomcat/10.1.10]
2024-04-24T07:11:38.952+05:00  INFO 8480 --- [restartedMain] o.a.c.c.C.[Tomcat].[localhost].[/]       : Initializing Spring embedded WebApplicationContext
2024-04-24T07:11:39.054+05:00  INFO 8480 --- [restartedMain] o.hibernate.jpa.internal.util.LogHelper  : HHH000204: Processing PersistenceUnitInfo [name: default]
2024-04-24T07:11:39.113+05:00  INFO 8480 --- [restartedMain] org.hibernate.Version                    : HHH000412: Hibernate ORM core version 6.2.5.Final
2024-04-24T07:11:39.116+05:00  INFO 8480 --- [restartedMain] org.hibernate.cfg.Environment            : HHH000406: Using bytecode reflection optimizer
2024-04-24T07:11:39.238+05:00  INFO 8480 --- [restartedMain] o.h.b.i.BytecodeProviderInitiator        : HHH000021: Bytecode provider name : bytebuddy
2024-04-24T07:11:39.395+05:00  INFO 8480 --- [restartedMain] com.zaxxer.hikari.HikariDataSource       : HikariPool-1 - Starting...
2024-04-24T07:11:39.505+05:00  INFO 8480 --- [restartedMain] com.zaxxer.hikari.pool.HikariPool        : HikariPool-1 - Added connection org.postgresql.jdbc.PgConnection@11b3eb69
2024-04-24T07:11:39.506+05:00  INFO 8480 --- [restartedMain] com.zaxxer.hikari.HikariDataSource       : HikariPool-1 - Start completed.
2024-04-24T07:11:39.804+05:00  INFO 8480 --- [restartedMain] o.h.b.i.BytecodeProviderInitiator        : HHH000021: Bytecode provider name : bytebuddy
2024-04-24T07:11:40.599+05:00  INFO 8480 --- [restartedMain] o.h.e.t.j.p.i.JtaPlatformInitiator       : HHH000490: Using JtaPlatform implementation: [org.hibernate.engine.transaction.jta.platform.internal.NoJtaPlatform]
2024-04-24T07:11:42.328+05:00  INFO 8480 --- [restartedMain] com.example.demo.StartupApplication      : Started StartupApplication in 5.214 seconds (process running for 5.81)
2024-04-24T07:11:46.526+05:00  INFO 8480 --- [http-nio-8080-exec-1] o.a.c.c.C.[Tomcat].[localhost].[/]       : Initializing Spring DispatcherServlet 'dispatcherServlet'
2024-04-24T07:12:56.499+05:00  INFO 8480 --- [SpringApplicationShutdownHook] com.zaxxer.hikari.HikariDataSource       : HikariPool-1 - Shutdown initiated...
2024-04-24T07:12:56.504+05:00  INFO 8480 --- [SpringApplicationShutdownHook] com.zaxxer.hikari.HikariDataSource       : HikariPool-1 - Shutdown completed.
2024-04-24T07:13:01.216+05:00  INFO 5656 --- [restartedMain] com.example.demo.StartupApplication      : Starting StartupApplication using Java 17.0.7 with PID 5656 (C:\Program Files\learn-spring-framework\startUp\demo\build\classes\java\main started by Asus in C:\Program Files\learn-spring-framework\startUp)
2024-04-24T07:13:01.219+05:00  INFO 5656 --- [restartedMain] com.example.demo.StartupApplication      : No active profile set, falling back to 1 default profile: "default"
2024-04-24T07:13:03.079+05:00  INFO 5656 --- [restartedMain] o.apache.catalina.core.StandardService   : Starting service [Tomcat]
2024-04-24T07:13:03.080+05:00  INFO 5656 --- [restartedMain] o.apache.catalina.core.StandardEngine    : Starting Servlet engine: [Apache Tomcat/10.1.10]
2024-04-24T07:13:03.147+05:00  INFO 5656 --- [restartedMain] o.a.c.c.C.[Tomcat].[localhost].[/]       : Initializing Spring embedded WebApplicationContext
2024-04-24T07:13:03.259+05:00  INFO 5656 --- [restartedMain] o.hibernate.jpa.internal.util.LogHelper  : HHH000204: Processing PersistenceUnitInfo [name: default]
2024-04-24T07:13:03.311+05:00  INFO 5656 --- [restartedMain] org.hibernate.Version                    : HHH000412: Hibernate ORM core version 6.2.5.Final
2024-04-24T07:13:03.315+05:00  INFO 5656 --- [restartedMain] org.hibernate.cfg.Environment            : HHH000406: Using bytecode reflection optimizer
2024-04-24T07:13:03.475+05:00  INFO 5656 --- [restartedMain] o.h.b.i.BytecodeProviderInitiator        : HHH000021: Bytecode provider name : bytebuddy
2024-04-24T07:13:03.632+05:00  INFO 5656 --- [restartedMain] com.zaxxer.hikari.HikariDataSource       : HikariPool-1 - Starting...
2024-04-24T07:13:03.747+05:00  INFO 5656 --- [restartedMain] com.zaxxer.hikari.pool.HikariPool        : HikariPool-1 - Added connection org.postgresql.jdbc.PgConnection@209ba9c2
2024-04-24T07:13:03.748+05:00  INFO 5656 --- [restartedMain] com.zaxxer.hikari.HikariDataSource       : HikariPool-1 - Start completed.
2024-04-24T07:13:04.062+05:00  INFO 5656 --- [restartedMain] o.h.b.i.BytecodeProviderInitiator        : HHH000021: Bytecode provider name : bytebuddy
2024-04-24T07:13:04.907+05:00  INFO 5656 --- [restartedMain] o.h.e.t.j.p.i.JtaPlatformInitiator       : HHH000490: Using JtaPlatform implementation: [org.hibernate.engine.transaction.jta.platform.internal.NoJtaPlatform]
2024-04-24T07:13:06.861+05:00  INFO 5656 --- [restartedMain] com.example.demo.StartupApplication      : Started StartupApplication in 6.142 seconds (process running for 7.362)
2024-04-24T07:13:10.766+05:00  INFO 5656 --- [http-nio-8080-exec-2] o.a.c.c.C.[Tomcat].[localhost].[/]       : Initializing Spring DispatcherServlet 'dispatcherServlet'
2024-04-24T07:15:41.928+05:00  WARN 5656 --- [HikariPool-1 housekeeper] com.zaxxer.hikari.pool.HikariPool        : HikariPool-1 - Thread starvation or clock leap detected (housekeeper delta=1m31s22ms692µs700ns).
2024-04-24T07:15:42.021+05:00  INFO 5656 --- [SpringApplicationShutdownHook] com.zaxxer.hikari.HikariDataSource       : HikariPool-1 - Shutdown initiated...
2024-04-24T07:15:42.030+05:00  INFO 5656 --- [SpringApplicationShutdownHook] com.zaxxer.hikari.HikariDataSource       : HikariPool-1 - Shutdown completed.
2024-04-24T07:15:48.471+05:00  INFO 2848 --- [restartedMain] com.example.demo.StartupApplication      : Starting StartupApplication using Java 17.0.7 with PID 2848 (C:\Program Files\learn-spring-framework\startUp\demo\build\classes\java\main started by Asus in C:\Program Files\learn-spring-framework\startUp)
2024-04-24T07:15:48.473+05:00  INFO 2848 --- [restartedMain] com.example.demo.StartupApplication      : No active profile set, falling back to 1 default profile: "default"
2024-04-24T07:15:49.931+05:00  INFO 2848 --- [restartedMain] o.apache.catalina.core.StandardService   : Starting service [Tomcat]
2024-04-24T07:15:49.932+05:00  INFO 2848 --- [restartedMain] o.apache.catalina.core.StandardEngine    : Starting Servlet engine: [Apache Tomcat/10.1.10]
2024-04-24T07:15:49.991+05:00  INFO 2848 --- [restartedMain] o.a.c.c.C.[Tomcat].[localhost].[/]       : Initializing Spring embedded WebApplicationContext
2024-04-24T07:15:50.099+05:00  INFO 2848 --- [restartedMain] o.hibernate.jpa.internal.util.LogHelper  : HHH000204: Processing PersistenceUnitInfo [name: default]
2024-04-24T07:15:50.159+05:00  INFO 2848 --- [restartedMain] org.hibernate.Version                    : HHH000412: Hibernate ORM core version 6.2.5.Final
2024-04-24T07:15:50.163+05:00  INFO 2848 --- [restartedMain] org.hibernate.cfg.Environment            : HHH000406: Using bytecode reflection optimizer
2024-04-24T07:15:50.283+05:00  INFO 2848 --- [restartedMain] o.h.b.i.BytecodeProviderInitiator        : HHH000021: Bytecode provider name : bytebuddy
2024-04-24T07:15:50.438+05:00  INFO 2848 --- [restartedMain] com.zaxxer.hikari.HikariDataSource       : HikariPool-1 - Starting...
2024-04-24T07:15:50.557+05:00  INFO 2848 --- [restartedMain] com.zaxxer.hikari.pool.HikariPool        : HikariPool-1 - Added connection org.postgresql.jdbc.PgConnection@29843d1b
2024-04-24T07:15:50.558+05:00  INFO 2848 --- [restartedMain] com.zaxxer.hikari.HikariDataSource       : HikariPool-1 - Start completed.
2024-04-24T07:15:50.853+05:00  INFO 2848 --- [restartedMain] o.h.b.i.BytecodeProviderInitiator        : HHH000021: Bytecode provider name : bytebuddy
2024-04-24T07:15:51.545+05:00  INFO 2848 --- [restartedMain] o.h.e.t.j.p.i.JtaPlatformInitiator       : HHH000490: Using JtaPlatform implementation: [org.hibernate.engine.transaction.jta.platform.internal.NoJtaPlatform]
2024-04-24T07:15:53.085+05:00  INFO 2848 --- [restartedMain] com.example.demo.StartupApplication      : Started StartupApplication in 4.951 seconds (process running for 5.77)
2024-04-24T07:15:58.739+05:00  INFO 2848 --- [http-nio-8080-exec-2] o.a.c.c.C.[Tomcat].[localhost].[/]       : Initializing Spring DispatcherServlet 'dispatcherServlet'
2024-04-24T07:16:17.931+05:00  WARN 2848 --- [http-nio-8080-exec-4] c.a.c.http.netty.implementation.Utility  : The following Netty dependencies have versions that do not match the versions specified in the azure-core-http-netty pom.xml file. This may result in unexpected behavior. If your application runs without issue this message can be ignored, otherwise please update the Netty dependencies to match the versions specified in the pom.xml file. Versions found in runtime: 'io.netty:netty-common' version: 4.1.94.Final (expected: 4.1.101.Final),'io.netty:netty-handler' version: 4.1.94.Final (expected: 4.1.101.Final),'io.netty:netty-handler-proxy' version: 4.1.94.Final (expected: 4.1.101.Final),'io.netty:netty-buffer' version: 4.1.94.Final (expected: 4.1.101.Final),'io.netty:netty-codec' version: 4.1.94.Final (expected: 4.1.101.Final),'io.netty:netty-codec-http' version: 4.1.94.Final (expected: 4.1.101.Final),'io.netty:netty-codec-http2' version: 4.1.94.Final (expected: 4.1.101.Final),'io.netty:netty-transport-native-unix-common' version: 4.1.94.Final (expected: 4.1.101.Final),'io.netty:netty-transport-native-epoll' version: 4.1.94.Final (expected: 4.1.101.Final),'io.netty:netty-transport-native-kqueue' version: 4.1.94.Final (expected: 4.1.101.Final)
2024-04-24T07:16:21.118+05:00  WARN 2848 --- [http-nio-8080-exec-4] o.h.engine.jdbc.spi.SqlExceptionHelper   : SQL Error: 0, SQLState: 22001
2024-04-24T07:16:21.118+05:00 ERROR 2848 --- [http-nio-8080-exec-4] o.h.engine.jdbc.spi.SqlExceptionHelper   : ERROR: value too long for type character varying(255)
2024-04-24T07:19:45.692+05:00  INFO 2848 --- [SpringApplicationShutdownHook] com.zaxxer.hikari.HikariDataSource       : HikariPool-1 - Shutdown initiated...
2024-04-24T07:19:45.701+05:00  INFO 2848 --- [SpringApplicationShutdownHook] com.zaxxer.hikari.HikariDataSource       : HikariPool-1 - Shutdown completed.
2024-04-24T07:19:51.762+05:00  INFO 12456 --- [restartedMain] com.example.demo.StartupApplication      : Starting StartupApplication using Java 17.0.7 with PID 12456 (C:\Program Files\learn-spring-framework\startUp\demo\build\classes\java\main started by Asus in C:\Program Files\learn-spring-framework\startUp)
2024-04-24T07:19:51.764+05:00  INFO 12456 --- [restartedMain] com.example.demo.StartupApplication      : No active profile set, falling back to 1 default profile: "default"
2024-04-24T07:19:53.354+05:00  INFO 12456 --- [restartedMain] o.apache.catalina.core.StandardService   : Starting service [Tomcat]
2024-04-24T07:19:53.355+05:00  INFO 12456 --- [restartedMain] o.apache.catalina.core.StandardEngine    : Starting Servlet engine: [Apache Tomcat/10.1.10]
2024-04-24T07:19:53.415+05:00  INFO 12456 --- [restartedMain] o.a.c.c.C.[Tomcat].[localhost].[/]       : Initializing Spring embedded WebApplicationContext
2024-04-24T07:19:53.522+05:00  INFO 12456 --- [restartedMain] o.hibernate.jpa.internal.util.LogHelper  : HHH000204: Processing PersistenceUnitInfo [name: default]
2024-04-24T07:19:53.588+05:00  INFO 12456 --- [restartedMain] org.hibernate.Version                    : HHH000412: Hibernate ORM core version 6.2.5.Final
2024-04-24T07:19:53.591+05:00  INFO 12456 --- [restartedMain] org.hibernate.cfg.Environment            : HHH000406: Using bytecode reflection optimizer
2024-04-24T07:19:53.729+05:00  INFO 12456 --- [restartedMain] o.h.b.i.BytecodeProviderInitiator        : HHH000021: Bytecode provider name : bytebuddy
2024-04-24T07:19:53.887+05:00  INFO 12456 --- [restartedMain] com.zaxxer.hikari.HikariDataSource       : HikariPool-1 - Starting...
2024-04-24T07:19:54.021+05:00  INFO 12456 --- [restartedMain] com.zaxxer.hikari.pool.HikariPool        : HikariPool-1 - Added connection org.postgresql.jdbc.PgConnection@3060c148
2024-04-24T07:19:54.023+05:00  INFO 12456 --- [restartedMain] com.zaxxer.hikari.HikariDataSource       : HikariPool-1 - Start completed.
2024-04-24T07:19:54.315+05:00  INFO 12456 --- [restartedMain] o.h.b.i.BytecodeProviderInitiator        : HHH000021: Bytecode provider name : bytebuddy
2024-04-24T07:19:55.026+05:00  INFO 12456 --- [restartedMain] o.h.e.t.j.p.i.JtaPlatformInitiator       : HHH000490: Using JtaPlatform implementation: [org.hibernate.engine.transaction.jta.platform.internal.NoJtaPlatform]
2024-04-24T07:19:56.744+05:00  INFO 12456 --- [restartedMain] com.example.demo.StartupApplication      : Started StartupApplication in 5.335 seconds (process running for 5.953)
2024-04-24T07:20:04.091+05:00  INFO 12456 --- [http-nio-8080-exec-1] o.a.c.c.C.[Tomcat].[localhost].[/]       : Initializing Spring DispatcherServlet 'dispatcherServlet'
2024-04-24T07:20:05.126+05:00  WARN 12456 --- [http-nio-8080-exec-1] c.a.c.http.netty.implementation.Utility  : The following Netty dependencies have versions that do not match the versions specified in the azure-core-http-netty pom.xml file. This may result in unexpected behavior. If your application runs without issue this message can be ignored, otherwise please update the Netty dependencies to match the versions specified in the pom.xml file. Versions found in runtime: 'io.netty:netty-common' version: 4.1.94.Final (expected: 4.1.101.Final),'io.netty:netty-handler' version: 4.1.94.Final (expected: 4.1.101.Final),'io.netty:netty-handler-proxy' version: 4.1.94.Final (expected: 4.1.101.Final),'io.netty:netty-buffer' version: 4.1.94.Final (expected: 4.1.101.Final),'io.netty:netty-codec' version: 4.1.94.Final (expected: 4.1.101.Final),'io.netty:netty-codec-http' version: 4.1.94.Final (expected: 4.1.101.Final),'io.netty:netty-codec-http2' version: 4.1.94.Final (expected: 4.1.101.Final),'io.netty:netty-transport-native-unix-common' version: 4.1.94.Final (expected: 4.1.101.Final),'io.netty:netty-transport-native-epoll' version: 4.1.94.Final (expected: 4.1.101.Final),'io.netty:netty-transport-native-kqueue' version: 4.1.94.Final (expected: 4.1.101.Final)
2024-04-24T07:52:05.188+05:00  INFO 12456 --- [t.me/admissions2023_bot Telegram Connection] o.t.t.u.DefaultBotSession                : Read timed out

java.net.SocketTimeoutException: Read timed out
	at java.base/sun.nio.ch.NioSocketImpl.timedRead(NioSocketImpl.java:283) ~[na:na]
	at java.base/sun.nio.ch.NioSocketImpl.implRead(NioSocketImpl.java:309) ~[na:na]
	at java.base/sun.nio.ch.NioSocketImpl.read(NioSocketImpl.java:350) ~[na:na]
	at java.base/sun.nio.ch.NioSocketImpl$1.read(NioSocketImpl.java:803) ~[na:na]
	at java.base/java.net.Socket$SocketInputStream.read(Socket.java:966) ~[na:na]
	at java.base/sun.security.ssl.SSLSocketInputRecord.read(SSLSocketInputRecord.java:484) ~[na:na]
	at java.base/sun.security.ssl.SSLSocketInputRecord.readHeader(SSLSocketInputRecord.java:478) ~[na:na]
	at java.base/sun.security.ssl.SSLSocketInputRecord.bytesInCompletePacket(SSLSocketInputRecord.java:70) ~[na:na]
	at java.base/sun.security.ssl.SSLSocketImpl.readApplicationRecord(SSLSocketImpl.java:1465) ~[na:na]
	at java.base/sun.security.ssl.SSLSocketImpl$AppInputStream.read(SSLSocketImpl.java:1069) ~[na:na]
	at org.apache.http.impl.io.SessionInputBufferImpl.streamRead(SessionInputBufferImpl.java:137) ~[httpcore-4.4.16.jar:4.4.16]
	at org.apache.http.impl.io.SessionInputBufferImpl.fillBuffer(SessionInputBufferImpl.java:153) ~[httpcore-4.4.16.jar:4.4.16]
	at org.apache.http.impl.io.SessionInputBufferImpl.readLine(SessionInputBufferImpl.java:280) ~[httpcore-4.4.16.jar:4.4.16]
	at org.apache.http.impl.conn.DefaultHttpResponseParser.parseHead(DefaultHttpResponseParser.java:138) ~[httpclient-4.5.13.jar:4.5.13]
	at org.apache.http.impl.conn.DefaultHttpResponseParser.parseHead(DefaultHttpResponseParser.java:56) ~[httpclient-4.5.13.jar:4.5.13]
	at org.apache.http.impl.io.AbstractMessageParser.parse(AbstractMessageParser.java:259) ~[httpcore-4.4.16.jar:4.4.16]
	at org.apache.http.impl.DefaultBHttpClientConnection.receiveResponseHeader(DefaultBHttpClientConnection.java:163) ~[httpcore-4.4.16.jar:4.4.16]
	at org.apache.http.impl.conn.CPoolProxy.receiveResponseHeader(CPoolProxy.java:157) ~[httpclient-4.5.13.jar:4.5.13]
	at org.apache.http.protocol.HttpRequestExecutor.doReceiveResponse(HttpRequestExecutor.java:273) ~[httpcore-4.4.16.jar:4.4.16]
	at org.apache.http.protocol.HttpRequestExecutor.execute(HttpRequestExecutor.java:125) ~[httpcore-4.4.16.jar:4.4.16]
	at org.apache.http.impl.execchain.MainClientExec.execute(MainClientExec.java:272) ~[httpclient-4.5.13.jar:4.5.13]
	at org.apache.http.impl.execchain.ProtocolExec.execute(ProtocolExec.java:186) ~[httpclient-4.5.13.jar:4.5.13]
	at org.apache.http.impl.execchain.RetryExec.execute(RetryExec.java:89) ~[httpclient-4.5.13.jar:4.5.13]
	at org.apache.http.impl.execchain.RedirectExec.execute(RedirectExec.java:110) ~[httpclient-4.5.13.jar:4.5.13]
	at org.apache.http.impl.client.InternalHttpClient.doExecute(InternalHttpClient.java:185) ~[httpclient-4.5.13.jar:4.5.13]
	at org.apache.http.impl.client.CloseableHttpClient.execute(CloseableHttpClient.java:83) ~[httpclient-4.5.13.jar:4.5.13]
	at org.telegram.telegrambots.updatesreceivers.DefaultBotSession$ReaderThread.getUpdatesFromServer(DefaultBotSession.java:249) ~[telegrambots-6.5.0.jar:na]
	at org.telegram.telegrambots.updatesreceivers.DefaultBotSession$ReaderThread.run(DefaultBotSession.java:188) ~[telegrambots-6.5.0.jar:na]

2024-04-24T07:52:58.148+05:00  INFO 12456 --- [SpringApplicationShutdownHook] com.zaxxer.hikari.HikariDataSource       : HikariPool-1 - Shutdown initiated...
2024-04-24T07:52:58.164+05:00  INFO 12456 --- [SpringApplicationShutdownHook] com.zaxxer.hikari.HikariDataSource       : HikariPool-1 - Shutdown completed.
